[react-saas.com/index.html]
[react-saas.com/_next/static/css/815386361fa3c080.css]
[react-saas.com/_next/static/chunks/webpack-a8e1287899c17a55.js]
[react-saas.com/_next/static/chunks/3c611eef-4d04a4a697b06a23.js]
[react-saas.com/_next/static/chunks/52774a7f-40b5edec4a035e3d.js]
[react-saas.com/_next/static/chunks/fd9d1056-e5e566ac9ef0b26c.js]
[react-saas.com/_next/static/chunks/479-c094773b441559e5.js]
[react-saas.com/_next/static/chunks/main-app-d09d3aceead9a626.js]
[react-saas.com/_next/static/chunks/897-8a16d246b4063bcf.js]
[react-saas.com/_next/static/chunks/807-e883c9eaa01d8c55.js]
[react-saas.com/_next/static/chunks/app/[locale]/(unauth)/page-6553007e7dc25262.js]
[react-saas.com/_next/static/chunks/app/global-error-28c9cd35a0edbeb6.js]
[backblue.gif]
[fade.gif]
[index.html]
[react-saas.com/_next/static/chunks/app/[locale]/layout-3635d94a6acc19e6.js]
[react-saas.com/apple-touch-icon.png]
[react-saas.com/favicon-32x32.png]
[react-saas.com/favicon-16x16.png]
[react-saas.com/favicon.ico]
[react-saas.com/_next/static/chunks/polyfills-42372ed130431b0a.js]
[react-saas.com/sign-up.html]
[react-saas.com/sign-in.html]
[react-saas.com/_next/clerk-logo-dark77f5.png]
[react-saas.com/_next/crowdin-dark39f2.png]
[react-saas.com/_next/sentry-darke461.png]
[react-saas.com/_next/nextjs-boilerplate-saase27b.png]
[react-saas.com/index.html]
[react-saas.com/_next/static/css/815386361fa3c080.css]
[react-saas.com/_next/static/chunks/563-2df1a808104d3f42.js]
[react-saas.com/_next/static/chunks/645-e56233d1bfc1e9c2.js]
[react-saas.com/_next/static/chunks/app/[locale]/(auth)/(center)/sign-up/[[...sign-up]]/page-6390e39696c1c666.js]
[react-saas.com/sign-up.html]
[clerk.react-saas.com/npm/@clerk/clerk-js@5.26.3/dist/clerk.browser.js]
[react-saas.com/_next/static/chunks/app/[locale]/(auth)/(center)/sign-in/[[...sign-in]]/page-7c7709c82cc7df4f.js]
[react-saas.com/sign-in.html]
